
Memory Configuration

Name             Origin             Length             Attributes
*default*        0x0000000000000000 0xffffffffffffffff

Linker script and memory map

                0x0000000040090000                . = 0x40090000
                0x0000000040090000                . = ALIGN (0x4)

.text           0x0000000040090000     0x35b0
 *(.text)
 .text          0x0000000040090000      0x100 mmu_on_entry.o
                0x0000000040090000                _mmu_on_entry
                0x00000000400900a0                mmu_restore
 .text          0x0000000040090100      0x3d0 lib1funcs.o
                0x0000000040090100                __udivsi3
                0x0000000040090100                __aeabi_uidiv
                0x00000000400901e8                __umodsi3
                0x00000000400902a4                __aeabi_idiv
                0x00000000400902a4                __divsi3
                0x00000000400903bc                __modsi3
                0x0000000040090490                __aeabi_uidivmod
                0x00000000400904a8                __aeabi_idivmod
 *fill*         0x00000000400904d0       0x10 
 .text          0x00000000400904e0      0x900 mmu_on_main.o
                0x00000000400904e0                coprocessor_restore
                0x00000000400905e0                v7_flush_dcache_all
                0x0000000040090680                all_tbl_clean
                0x00000000400906a0                force_mmu_off
                0x00000000400906cc                zb_read_zbi_header
                0x0000000040090850                zb_copy_data1
                0x00000000400908c4                zb_copy_data
                0x00000000400909c4                __m2n_set_nand_page
                0x00000000400909ec                zb_preload_all
                0x0000000040090b50                coprocessor_restore_new
                0x0000000040090c48                zeroboot
 .text          0x0000000040090de0      0x178 uart.o
                0x0000000040090de0                mmu_delay
                0x0000000040090de4                uart_init
                0x0000000040090de8                uart_putc
                0x0000000040090e08                uart_puts
                0x0000000040090e60                uart_read_ok
                0x0000000040090e74                uart_getc
                0x0000000040090e88                uart_put_hex_nibble
                0x0000000040090ed8                uart_put_hex_byte
                0x0000000040090ef4                uart_put_hex
                0x0000000040090f2c                uart_put_hex_raw
 .text          0x0000000040090f58      0x800 vsprintf.o
                0x000000004009121c                vsprintf
                0x0000000040091738                sprintf
 .text          0x0000000040091758      0x934 string.o
                0x0000000040091758                strnicmp
                0x00000000400917dc                strcpy
                0x00000000400917f4                strncpy
                0x0000000040091818                strcat
                0x0000000040091854                strncat
                0x00000000400918cc                strcmp
                0x00000000400918fc                strncmp
                0x000000004009197c                strchr
                0x00000000400919c8                strlen
                0x00000000400919fc                strrchr
                0x0000000040091a50                strnlen
                0x0000000040091aa4                strspn
                0x0000000040091b10                strpbrk
                0x0000000040091b70                strtok
                0x0000000040091c28                strsep
                0x0000000040091cac                memset
                0x0000000040091ccc                bcopy
                0x0000000040091d00                memcpy
                0x0000000040091d20                memmove
                0x0000000040091d88                memcmp
                0x0000000040091de4                memscan
                0x0000000040091e20                strstr
                0x0000000040091ee0                memchr
                0x0000000040091f10                upper_str
                0x0000000040091f4c                lower_str
                0x0000000040091f88                strtoul
 .text          0x000000004009208c       0xac printf.o
                0x000000004009208c                putc
                0x00000000400920c4                puts
                0x00000000400920f4                printf
 .text          0x0000000040092138     0x1478 /home/swpark/disk3/lollipop-avn-4418/linux/platform/s5p4418/modules/zeroboot/drv_storage/arch_nxp/nalcode_mmc_storage_dw.o
                0x0000000040092a20                v7_outer_cache_flush_all
                0x0000000040092a24                flush_dcache_all
                0x0000000040092a2c                v7_outer_cache_inval_range
                0x0000000040092a30                v7_outer_cache_flush_range
                0x0000000040092a34                v7_outer_cache_inval_all
                0x0000000040092a38                invalidate_dcache_range
                0x0000000040092a60                flush_dcache_range
                0x0000000040092aa0                invalidate_dcache_all
                0x0000000040092aa8                dummy_break0
                0x0000000040092aac                dummy_break1
                0x0000000040092ab0                dummy_break2
                0x0000000040092abc                mmc_set_clock
                0x0000000040092ac4                mmc_send_op_cond
                0x0000000040092b98                mmc_complete_op_cond
                0x0000000040092c34                mmc_start_init
                0x0000000040092c70                mmc_card_bringup
                0x0000000040092f1c                dma_read_dirty
                0x0000000040092f84                get_zb_mmc_info
                0x0000000040092ffc                nalcode_storage_first_call
                0x0000000040093118                nalcode_stroage_read_4k_page
                0x0000000040093494                nalcode_stroage_test_function
                0x0000000040093498                zb_init_dma_list
                0x00000000400934c0                zb_add_dma_list
                0x0000000040093524                zb_request_dma_transfer

.glue_7         0x00000000400935b0        0x0
 .glue_7        0x0000000000000000        0x0 linker stubs

.glue_7t        0x00000000400935b0        0x0
 .glue_7t       0x0000000000000000        0x0 linker stubs

.vfp11_veneer   0x00000000400935b0        0x0
 .vfp11_veneer  0x0000000000000000        0x0 linker stubs

.v4_bx          0x00000000400935b0        0x0
 .v4_bx         0x0000000000000000        0x0 linker stubs

.iplt           0x00000000400935b0        0x0
 .iplt          0x0000000000000000        0x0 mmu_on_entry.o

.rel.dyn        0x00000000400935b0        0x0
 .rel.iplt      0x0000000000000000        0x0 mmu_on_entry.o
                0x00000000400935b0                . = ALIGN (0x4)

.rodata
 *(.rodata)

.rodata.str1.4  0x00000000400935b0      0x6b8
 .rodata.str1.4
                0x00000000400935b0      0x249 mmu_on_main.o
                                        0x250 (size before relaxing)
 .rodata.str1.4
                0x0000000000000000        0x4 uart.o
 *fill*         0x00000000400937f9        0x3 
 .rodata.str1.4
                0x00000000400937fc       0x57 vsprintf.o
                                         0x58 (size before relaxing)
 *fill*         0x0000000040093853        0x1 
 .rodata.str1.4
                0x0000000040093854      0x414 /home/swpark/disk3/lollipop-avn-4418/linux/platform/s5p4418/modules/zeroboot/drv_storage/arch_nxp/nalcode_mmc_storage_dw.o
                                        0x418 (size before relaxing)
                0x0000000040093c68                . = ALIGN (0x4)

.data           0x0000000040093c68      0x110
 *(.data)
 .data          0x0000000040093c68        0x0 mmu_on_entry.o
 .data          0x0000000040093c68        0x0 lib1funcs.o
 .data          0x0000000040093c68        0x4 mmu_on_main.o
                0x0000000040093c68                zbi
 .data          0x0000000040093c6c        0x0 uart.o
 .data          0x0000000040093c6c        0x0 vsprintf.o
 .data          0x0000000040093c6c      0x100 string.o
                0x0000000040093c6c                _ctype
 .data          0x0000000040093d6c        0x0 printf.o
 .data          0x0000000040093d6c        0xc /home/swpark/disk3/lollipop-avn-4418/linux/platform/s5p4418/modules/zeroboot/drv_storage/arch_nxp/nalcode_mmc_storage_dw.o
                0x0000000040093d6c                collision_flag
                0x0000000040093d70                dw_mmc_start_block_index
                0x0000000040093d74                dw_mmc_dma_addr_count

.igot.plt       0x0000000040093d78        0x0
 .igot.plt      0x0000000000000000        0x0 mmu_on_entry.o
                0x0000000040093d78                . = ALIGN (0x4)

.got
 *(.got)
                0x0000000040093d78                . = ALIGN (0x4)
                0x0000000040093d78                _bss_start = .
                0x0000000040093d78                . = ALIGN (0x4)

.bss            0x0000000040093d78     0x22f4
 *(.bss)
 .bss           0x0000000040093d78        0x0 mmu_on_entry.o
 .bss           0x0000000040093d78        0x0 lib1funcs.o
 .bss           0x0000000040093d78        0x0 mmu_on_main.o
 .bss           0x0000000040093d78        0x0 uart.o
 .bss           0x0000000040093d78        0x0 vsprintf.o
 .bss           0x0000000040093d78        0x4 string.o
                0x0000000040093d78                ___strtok
 .bss           0x0000000040093d7c        0x0 printf.o
 .bss           0x0000000040093d7c     0x22f0 /home/swpark/disk3/lollipop-avn-4418/linux/platform/s5p4418/modules/zeroboot/drv_storage/arch_nxp/nalcode_mmc_storage_dw.o
                0x0000000040093d7c                dw_mmc_dma_addr_list
                0x0000000040095d7c                mmc_dirtry_check_regs_zero
                0x0000000040095db4                mmc_dirtry_check_regs_cur
                0x0000000040095dec                zb_mmc
                0x0000000040095df0                zero_mmc
                0x0000000040096034                mmc_backup_regs
                0x000000004009606c                . = ALIGN (0x4)
                0x000000004009606c                _bss_end = .
LOAD mmu_on_entry.o
LOAD lib1funcs.o
LOAD mmu_on_main.o
LOAD uart.o
LOAD vsprintf.o
LOAD string.o
LOAD printf.o
LOAD /home/swpark/disk3/lollipop-avn-4418/linux/platform/s5p4418/modules/zeroboot/drv_storage/arch_nxp/nalcode_mmc_storage_dw.o
OUTPUT(mmu_turnon.elf32 elf32-littlearm)

.ARM.attributes
                0x0000000000000000       0x2d
 .ARM.attributes
                0x0000000000000000       0x1f mmu_on_entry.o
 .ARM.attributes
                0x000000000000001f       0x1f lib1funcs.o
 .ARM.attributes
                0x000000000000003e       0x2f mmu_on_main.o
 .ARM.attributes
                0x000000000000006d       0x2f uart.o
 .ARM.attributes
                0x000000000000009c       0x2f vsprintf.o
 .ARM.attributes
                0x00000000000000cb       0x2f string.o
 .ARM.attributes
                0x00000000000000fa       0x2f printf.o
 .ARM.attributes
                0x0000000000000129       0x2f /home/swpark/disk3/lollipop-avn-4418/linux/platform/s5p4418/modules/zeroboot/drv_storage/arch_nxp/nalcode_mmc_storage_dw.o

.comment        0x0000000000000000       0x6f
 .comment       0x0000000000000000       0x60 mmu_on_main.o
                                         0x61 (size before relaxing)
 .comment       0x0000000000000000       0x61 uart.o
 .comment       0x0000000000000000       0x61 vsprintf.o
 .comment       0x0000000000000000       0x61 string.o
 .comment       0x0000000000000000       0x61 printf.o
 .comment       0x0000000000000060        0xf /home/swpark/disk3/lollipop-avn-4418/linux/platform/s5p4418/modules/zeroboot/drv_storage/arch_nxp/nalcode_mmc_storage_dw.o
                                         0x10 (size before relaxing)

.note.GNU-stack
                0x0000000000000000        0x0
 .note.GNU-stack
                0x0000000000000000        0x0 mmu_on_main.o
 .note.GNU-stack
                0x0000000000000000        0x0 uart.o
 .note.GNU-stack
                0x0000000000000000        0x0 vsprintf.o
 .note.GNU-stack
                0x0000000000000000        0x0 string.o
 .note.GNU-stack
                0x0000000000000000        0x0 printf.o
